test_cap_buy (scripts.test_phase57_integrated_long_entry_v1.IntegratedTests.test_cap_buy) ... ok
test_completed_bar_semantics (scripts.test_phase57_integrated_long_entry_v1.IntegratedTests.test_completed_bar_semantics) ... ok
test_delayed_urgent_route_c (scripts.test_phase57_integrated_long_entry_v1.IntegratedTests.test_delayed_urgent_route_c) ... ok
test_dev_test_fresh_oos_rejected (scripts.test_phase57_integrated_long_entry_v1.IntegratedTests.test_dev_test_fresh_oos_rejected) ... ok
test_evidence_no_overwrite (scripts.test_phase57_integrated_long_entry_v1.IntegratedTests.test_evidence_no_overwrite) ... ok
test_execution_open_not_signal_low (scripts.test_phase57_integrated_long_entry_v1.IntegratedTests.test_execution_open_not_signal_low) ... ok
test_failure_skip_priority (scripts.test_phase57_integrated_long_entry_v1.IntegratedTests.test_failure_skip_priority) ... ok
test_fixed_near_miss_and_undefined (scripts.test_phase57_integrated_long_entry_v1.IntegratedTests.test_fixed_near_miss_and_undefined) ... ok
test_future_ohlc_mutation_invariance (scripts.test_phase57_integrated_long_entry_v1.IntegratedTests.test_future_ohlc_mutation_invariance) ... ok
test_future_outcome_metadata_ignored (scripts.test_phase57_integrated_long_entry_v1.IntegratedTests.test_future_outcome_metadata_ignored) ... ok
test_gap_fail_closed (scripts.test_phase57_integrated_long_entry_v1.IntegratedTests.test_gap_fail_closed) ... ok
test_immediate_route (scripts.test_phase57_integrated_long_entry_v1.IntegratedTests.test_immediate_route) ... ok
test_initial_dip_identity (scripts.test_phase57_integrated_long_entry_v1.IntegratedTests.test_initial_dip_identity) ... ok
test_intrabar_unknown (scripts.test_phase57_integrated_long_entry_v1.IntegratedTests.test_intrabar_unknown) ... ok
test_invalid_model_score_fail_closed (scripts.test_phase57_integrated_long_entry_v1.IntegratedTests.test_invalid_model_score_fail_closed) ... ok
test_missing_execution_open_no_substitution (scripts.test_phase57_integrated_long_entry_v1.IntegratedTests.test_missing_execution_open_no_substitution) ... ok
test_missing_prefix_no_resurrection (scripts.test_phase57_integrated_long_entry_v1.IntegratedTests.test_missing_prefix_no_resurrection) ... ok
test_missing_reference (scripts.test_phase57_integrated_long_entry_v1.IntegratedTests.test_missing_reference) ... ok
test_missingness_indicators_and_deterministic_inference (scripts.test_phase57_integrated_long_entry_v1.IntegratedTests.test_missingness_indicators_and_deterministic_inference) ... ok
test_no_duplicate_entry (scripts.test_phase57_integrated_long_entry_v1.IntegratedTests.test_no_duplicate_entry) ... ok
test_no_evaluator_dependency (scripts.test_phase57_integrated_long_entry_v1.IntegratedTests.test_no_evaluator_dependency) ... ok
test_no_state_labels (scripts.test_phase57_integrated_long_entry_v1.IntegratedTests.test_no_state_labels) ... ok
test_protocol_feature_identity (scripts.test_phase57_integrated_long_entry_v1.IntegratedTests.test_protocol_feature_identity) ... ok
test_pullback_alone_not_buy (scripts.test_phase57_integrated_long_entry_v1.IntegratedTests.test_pullback_alone_not_buy) ... ok
test_pullback_context_required (scripts.test_phase57_integrated_long_entry_v1.IntegratedTests.test_pullback_context_required) ... ok
test_safety_and_no_freeze (scripts.test_phase57_integrated_long_entry_v1.IntegratedTests.test_safety_and_no_freeze) ... ok
test_session_boundary_no_cross (scripts.test_phase57_integrated_long_entry_v1.IntegratedTests.test_session_boundary_no_cross) ... ok
test_split_and_upstream_identity (scripts.test_phase57_integrated_long_entry_v1.IntegratedTests.test_split_and_upstream_identity) ... ok
test_state_and_route_repeat_deterministic (scripts.test_phase57_integrated_long_entry_v1.IntegratedTests.test_state_and_route_repeat_deterministic) ... ok
test_wait_exactly_one_step_and_cap (scripts.test_phase57_integrated_long_entry_v1.IntegratedTests.test_wait_exactly_one_step_and_cap) ... ok

----------------------------------------------------------------------
Ran 30 tests in 0.918s

OK
