============================= test session starts ==============================
platform linux -- Python 3.12.14, pytest-9.1.1, pluggy-1.6.0
rootdir: /home/runner/work/ark-terminal/ark-terminal
plugins: anyio-4.15.1
collected 89 items

tools/test_phase18_rss_bridge.py ...                                     [  3%]
tools/test_phase19_account_bridge.py .............                       [ 17%]
tools/test_phase57_intraday_capture.py ...                               [ 21%]
tools/test_phase57_rss_capture_integration.py ...                        [ 24%]
tools/test_phase57_intraday_capture_ops.py ..                            [ 26%]
tools/test_phase57_intraday_capture_health.py ...                        [ 30%]
tools/test_phase57_intraday_capture_runtime.py ..                        [ 32%]
tools/test_phase57_real_intraday_pipeline.py ....                        [ 37%]
tools/test_phase58_excel_5m_chart_export.py .................            [ 56%]
tools/test_phase58_excel_5m_history_pack.py .............                [ 70%]
tools/test_phase58_prospective_session_runner.py ......                  [ 77%]
tools/test_phase58_excel_synchronized_capture_freshness.py ...           [ 80%]
tools/test_phase58_excel_multisymbol_microstructure_capture.py ....      [ 85%]
tools/test_phase58_validate_msii_multisymbol_registry.py ..              [ 87%]
tools/test_phase58_excel_dynamic_slots.py ...........                    [100%]

=============================== warnings summary ===============================
../../../../../opt/hostedtoolcache/Python/3.12.14/x64/lib/python3.12/site-packages/fastapi/testclient.py:1
  /opt/hostedtoolcache/Python/3.12.14/x64/lib/python3.12/site-packages/fastapi/testclient.py:1: StarletteDeprecationWarning: Using `httpx` with `starlette.testclient` is deprecated; install `httpx2` instead.
    from starlette.testclient import TestClient as TestClient  # noqa

../../../../../opt/hostedtoolcache/Python/3.12.14/x64/lib/python3.12/site-packages/starlette/testclient.py:53
  /opt/hostedtoolcache/Python/3.12.14/x64/lib/python3.12/site-packages/starlette/testclient.py:53: DeprecationWarning: The anyio.abc.BlockingPortal alias is deprecated, use anyio.from_thread.BlockingPortal instead.
    _PortalFactoryType = Callable[[], AbstractContextManager[anyio.abc.BlockingPortal]]

-- Docs: https://docs.pytest.org/en/stable/how-to/capture-warnings.html
======================== 89 passed, 2 warnings in 0.95s ========================
