test_all_missing_fit_column_no_future_coefficient (scripts.test_phase57_behavior_intelligence.BehaviorTests.test_all_missing_fit_column_no_future_coefficient) ... ok
test_allcombined_not_filtered_by_dict (scripts.test_phase57_behavior_intelligence.BehaviorTests.test_allcombined_not_filtered_by_dict) ... ok
test_common_cohort_does_not_change_with_arm (scripts.test_phase57_behavior_intelligence.BehaviorTests.test_common_cohort_does_not_change_with_arm) ... ok
test_daily_future_history_rejected (scripts.test_phase57_behavior_intelligence.BehaviorTests.test_daily_future_history_rejected) ... ok
test_fit_transform_does_not_see_queries (scripts.test_phase57_behavior_intelligence.BehaviorTests.test_fit_transform_does_not_see_queries) ... ok
test_lunch_rejected (scripts.test_phase57_behavior_intelligence.BehaviorTests.test_lunch_rejected) ... ok
test_no_outcome_access_ranking (scripts.test_phase57_behavior_intelligence.BehaviorTests.test_no_outcome_access_ranking) ... ok
test_previous_day_missing_no_fill (scripts.test_phase57_behavior_intelligence.BehaviorTests.test_previous_day_missing_no_fill) ... ok
test_primary_budget_fixed (scripts.test_phase57_behavior_intelligence.BehaviorTests.test_primary_budget_fixed) ... ok
test_reader_future_rejected (scripts.test_phase57_behavior_intelligence.BehaviorTests.test_reader_future_rejected) ... ok
test_recent_excludes_today_daily (scripts.test_phase57_behavior_intelligence.BehaviorTests.test_recent_excludes_today_daily) ... ok
test_scope_lock (scripts.test_phase57_behavior_intelligence.BehaviorTests.test_scope_lock) ... ok
test_snapshot_tensor_prefix_enforced (scripts.test_phase57_behavior_intelligence.BehaviorTests.test_snapshot_tensor_prefix_enforced) ... ok
test_stable_ties (scripts.test_phase57_behavior_intelligence.BehaviorTests.test_stable_ties) ... ok
test_unavailable_never_drops_who (scripts.test_phase57_behavior_intelligence.BehaviorTests.test_unavailable_never_drops_who) ... ok
test_unreliable_value_excluded (scripts.test_phase57_behavior_intelligence.BehaviorTests.test_unreliable_value_excluded) ... ok
test_winner_denominator_zero_not_100 (scripts.test_phase57_behavior_intelligence.BehaviorTests.test_winner_denominator_zero_not_100) ... ok
test_zero_and_missing_preserved (scripts.test_phase57_behavior_intelligence.BehaviorTests.test_zero_and_missing_preserved) ... ok
test_all_unavailable_states_are_null (scripts.test_phase57_temporal_formal.FormalTests.test_all_unavailable_states_are_null) ... ok
test_artifact_available_after_decision (scripts.test_phase57_temporal_formal.FormalTests.test_artifact_available_after_decision) ... ok
test_bad_sibling_does_not_veto_symbol (scripts.test_phase57_temporal_formal.FormalTests.test_bad_sibling_does_not_veto_symbol) ... ok
test_computed_through_strictly_before (scripts.test_phase57_temporal_formal.FormalTests.test_computed_through_strictly_before) ... ok
test_counts_partition_all_cells (scripts.test_phase57_temporal_formal.FormalTests.test_counts_partition_all_cells) ... ok
test_drift_unknown_kept_with_warning_for_medium (scripts.test_phase57_temporal_formal.FormalTests.test_drift_unknown_kept_with_warning_for_medium) ... ok
test_exact_proposal_adopted (scripts.test_phase57_temporal_formal.FormalTests.test_exact_proposal_adopted) ... ok
test_future_temporal_pass_cannot_backfill (scripts.test_phase57_temporal_formal.FormalTests.test_future_temporal_pass_cannot_backfill) ... ok
test_histogram_deduplicates_amihud_lanes (scripts.test_phase57_temporal_formal.FormalTests.test_histogram_deduplicates_amihud_lanes) ... ok
test_medium_retains_medium (scripts.test_phase57_temporal_formal.FormalTests.test_medium_retains_medium) ... ok
test_missing_watch_mapping_not_fabricated (scripts.test_phase57_temporal_formal.FormalTests.test_missing_watch_mapping_not_fabricated) ... ok
test_mixed_asof_rejected (scripts.test_phase57_temporal_formal.FormalTests.test_mixed_asof_rejected) ... ok
test_nonfinite_value_or_uncertainty_rejected (scripts.test_phase57_temporal_formal.FormalTests.test_nonfinite_value_or_uncertainty_rejected) ... ok
test_reader_receives_only_causally_admitted_cells (scripts.test_phase57_temporal_formal.FormalTests.test_reader_receives_only_causally_admitted_cells) ... ok
test_temporal_fail_never_promoted (scripts.test_phase57_temporal_formal.FormalTests.test_temporal_fail_never_promoted) ... ok
test_temporal_missing_not_fail_or_zero (scripts.test_phase57_temporal_formal.FormalTests.test_temporal_missing_not_fail_or_zero) ... ok
test_temporal_perfect_pass (scripts.test_phase57_temporal_formal.FormalTests.test_temporal_perfect_pass) ... ok
test_watch_mapping_frozen_before_independent_periods (scripts.test_phase57_temporal_formal.FormalTests.test_watch_mapping_frozen_before_independent_periods) ... ok
test_watch_never_dispatch (scripts.test_phase57_temporal_formal.FormalTests.test_watch_never_dispatch) ... ok
test_zero_value_is_available (scripts.test_phase57_temporal_formal.FormalTests.test_zero_value_is_available) ... ok
test_dates_fixed_by_calendar_only (scripts.test_phase57_temporal_feasibility.FeasibilityTests.test_dates_fixed_by_calendar_only) ... ok
test_exact_development_boundary (scripts.test_phase57_temporal_feasibility.FeasibilityTests.test_exact_development_boundary) ... ok
test_future_mapping_never_used (scripts.test_phase57_temporal_feasibility.FeasibilityTests.test_future_mapping_never_used) ... ok
test_independent_targets_and_causal_embargo (scripts.test_phase57_temporal_feasibility.FeasibilityTests.test_independent_targets_and_causal_embargo) ... ok
test_no_market_values_enter_scheduler (scripts.test_phase57_temporal_feasibility.FeasibilityTests.test_no_market_values_enter_scheduler) ... ok
test_past_source_invariant_to_all_future_observations (scripts.test_phase57_temporal_feasibility.FeasibilityTests.test_past_source_invariant_to_all_future_observations) ... ok
test_truncated_input_reports_missing_support (scripts.test_phase57_temporal_feasibility.FeasibilityTests.test_truncated_input_reports_missing_support) ... ok
test_warmup_not_counted_as_valid_observation (scripts.test_phase57_temporal_feasibility.FeasibilityTests.test_warmup_not_counted_as_valid_observation) ... ok
test_calendar_source_support_bound (scripts.test_phase57_temporal_zero_diagnostic.DiagnosticTests.test_calendar_source_support_bound) ... ok
test_candidate_symbols_deduplicate_but_cells_do_not (scripts.test_phase57_temporal_zero_diagnostic.DiagnosticTests.test_candidate_symbols_deduplicate_but_cells_do_not) ... ok
test_exclusive_and_overlapping_reasons (scripts.test_phase57_temporal_zero_diagnostic.DiagnosticTests.test_exclusive_and_overlapping_reasons) ... ok
test_fixed_endpoint_does_not_read_future (scripts.test_phase57_temporal_zero_diagnostic.DiagnosticTests.test_fixed_endpoint_does_not_read_future) ... ok
test_inherited_target20_blocks_explicit8 (scripts.test_phase57_temporal_zero_diagnostic.DiagnosticTests.test_inherited_target20_blocks_explicit8) ... ok
test_mapping_cannot_precede_completion (scripts.test_phase57_temporal_zero_diagnostic.DiagnosticTests.test_mapping_cannot_precede_completion) ... ok
test_missing_dates_not_fabricated (scripts.test_phase57_temporal_zero_diagnostic.DiagnosticTests.test_missing_dates_not_fabricated) ... ok
test_numeric_range_has_exact_min_max (scripts.test_phase57_temporal_zero_diagnostic.DiagnosticTests.test_numeric_range_has_exact_min_max) ... ok
test_peer100_is_separate_requirement (scripts.test_phase57_temporal_zero_diagnostic.DiagnosticTests.test_peer100_is_separate_requirement) ... ok
test_unchanged_sources (scripts.test_phase57_temporal_zero_diagnostic.DiagnosticTests.test_unchanged_sources) ... ok
test_above_one_not_clipped (scripts.test_phase57_sparse_handoff.PullbackTests.test_above_one_not_clipped) ... ok
test_future_extension_cannot_change_events (scripts.test_phase57_sparse_handoff.PullbackTests.test_future_extension_cannot_change_events) ... ok
test_lunch_not_paired (scripts.test_phase57_sparse_handoff.PullbackTests.test_lunch_not_paired) ... ok
test_missing_not_paired (scripts.test_phase57_sparse_handoff.PullbackTests.test_missing_not_paired) ... ok
test_no_terminal_unconfirmed (scripts.test_phase57_sparse_handoff.PullbackTests.test_no_terminal_unconfirmed) ... ok
test_up_down_pair_confirmed (scripts.test_phase57_sparse_handoff.PullbackTests.test_up_down_pair_confirmed) ... ok
test_adapter_ambiguous (scripts.test_phase57_sparse_handoff.ReaderTests.test_adapter_ambiguous) ... ok
test_adapter_roundtrip (scripts.test_phase57_sparse_handoff.ReaderTests.test_adapter_roundtrip) ... ok
test_bad_history (scripts.test_phase57_sparse_handoff.ReaderTests.test_bad_history) ... ok
test_corporate_action (scripts.test_phase57_sparse_handoff.ReaderTests.test_corporate_action) ... ok
test_duplicate_rejected (scripts.test_phase57_sparse_handoff.ReaderTests.test_duplicate_rejected) ... ok
test_five_minutes_old_not_allowed (scripts.test_phase57_sparse_handoff.ReaderTests.test_five_minutes_old_not_allowed) ... ok
test_forming_five_minute_not_used (scripts.test_phase57_sparse_handoff.ReaderTests.test_forming_five_minute_not_used) ... ok
test_four_minutes_allowed (scripts.test_phase57_sparse_handoff.ReaderTests.test_four_minutes_allowed) ... ok
test_fresh_closed_bar (scripts.test_phase57_sparse_handoff.ReaderTests.test_fresh_closed_bar) ... ok
test_future_history (scripts.test_phase57_sparse_handoff.ReaderTests.test_future_history) ... ok
test_future_poison_rejected (scripts.test_phase57_sparse_handoff.ReaderTests.test_future_poison_rejected) ... ok
test_history_adapter (scripts.test_phase57_sparse_handoff.ReaderTests.test_history_adapter) ... ok
test_missing_internal_minute (scripts.test_phase57_sparse_handoff.ReaderTests.test_missing_internal_minute) ... ok
test_missing_last_minute (scripts.test_phase57_sparse_handoff.ReaderTests.test_missing_last_minute) ... ok
test_missing_morning_vwap_null (scripts.test_phase57_sparse_handoff.ReaderTests.test_missing_morning_vwap_null) ... ok
test_mixed_security (scripts.test_phase57_sparse_handoff.ReaderTests.test_mixed_security) ... ok
test_morning_not_afternoon (scripts.test_phase57_sparse_handoff.ReaderTests.test_morning_not_afternoon) ... ok
test_no_rvol_zero_fill (scripts.test_phase57_sparse_handoff.ReaderTests.test_no_rvol_zero_fill) ... ok
test_opening_range_unconfirmed (scripts.test_phase57_sparse_handoff.ReaderTests.test_opening_range_unconfirmed) ... ok
test_pre_change_close (scripts.test_phase57_sparse_handoff.ReaderTests.test_pre_change_close) ... ok
test_previous_security_mismatch (scripts.test_phase57_sparse_handoff.ReaderTests.test_previous_security_mismatch) ... ok
test_price_scale_invariance (scripts.test_phase57_sparse_handoff.ReaderTests.test_price_scale_invariance) ... ok
test_scale_missing (scripts.test_phase57_sparse_handoff.ReaderTests.test_scale_missing) ... ok
test_session_boundaries (scripts.test_phase57_sparse_handoff.ReaderTests.test_session_boundaries) ... ok
test_stale_history (scripts.test_phase57_sparse_handoff.ReaderTests.test_stale_history) ... ok
test_unsorted_rejected (scripts.test_phase57_sparse_handoff.ReaderTests.test_unsorted_rejected) ... ok
test_vwap_and_opening_range (scripts.test_phase57_sparse_handoff.ReaderTests.test_vwap_and_opening_range) ... ok
test_wrong_previous_day (scripts.test_phase57_sparse_handoff.ReaderTests.test_wrong_previous_day) ... ok
test_calendar_embargo (scripts.test_phase57_sparse_handoff.SparseTests.test_calendar_embargo) ... ok
test_causal_fit_ignores_future_poison (scripts.test_phase57_sparse_handoff.SparseTests.test_causal_fit_ignores_future_poison) ... ok
test_dispatch (scripts.test_phase57_sparse_handoff.SparseTests.test_dispatch) ... ok
test_drift_never_dispatch (scripts.test_phase57_sparse_handoff.SparseTests.test_drift_never_dispatch) ... ok
test_equal_or_future_asof_rejected (scripts.test_phase57_sparse_handoff.SparseTests.test_equal_or_future_asof_rejected) ... ok
test_low_never_dispatch (scripts.test_phase57_sparse_handoff.SparseTests.test_low_never_dispatch) ... ok
test_mapping_asof (scripts.test_phase57_sparse_handoff.SparseTests.test_mapping_asof) ... ok
test_mixed_asof_rejected (scripts.test_phase57_sparse_handoff.SparseTests.test_mixed_asof_rejected) ... ok
test_naive_timezone_rejected (scripts.test_phase57_sparse_handoff.SparseTests.test_naive_timezone_rejected) ... ok
test_old_sources_unchanged (scripts.test_phase57_sparse_handoff.SparseTests.test_old_sources_unchanged) ... ok
test_research_namespace_required (scripts.test_phase57_sparse_handoff.SparseTests.test_research_namespace_required) ... ok
test_sample_not_temporal (scripts.test_phase57_sparse_handoff.SparseTests.test_sample_not_temporal) ... ok
test_sample_reference_not_frozen_future (scripts.test_phase57_sparse_handoff.SparseTests.test_sample_reference_not_frozen_future) ... ok
test_synthetic_end_to_end_regeneration (scripts.test_phase57_sparse_handoff.SparseTests.test_synthetic_end_to_end_regeneration) ... {"evaluated": "daily/amihud", "dispatchable": 0}
{"evaluated": "intraday/long_pullback_depth_contiguous_v1", "dispatchable": 0}
{"evaluated": "daily/amihud", "dispatchable": 0}
{"evaluated": "intraday/long_pullback_depth_contiguous_v1", "dispatchable": 0}
ok
test_temporal_pass_and_failure (scripts.test_phase57_sparse_handoff.SparseTests.test_temporal_pass_and_failure) ... ok
test_three_folds_required (scripts.test_phase57_sparse_handoff.SparseTests.test_three_folds_required) ... ok
test_unidentifiable_calibration_fails (scripts.test_phase57_sparse_handoff.SparseTests.test_unidentifiable_calibration_fails) ... ok
test_watch_never_dispatch (scripts.test_phase57_sparse_handoff.SparseTests.test_watch_never_dispatch) ... ok
test_all_partitions_disjoint_from_seals (scripts.test_phase57_expansion_data.ExpansionBoundaryTests.test_all_partitions_disjoint_from_seals) ... ok
test_failed_next_page_retains_first_page_checkpoint (scripts.test_phase57_expansion_data.ExpansionBoundaryTests.test_failed_next_page_retains_first_page_checkpoint) ... ok
test_hash_tamper_rejected (scripts.test_phase57_expansion_data.ExpansionBoundaryTests.test_hash_tamper_rejected) ... ok
test_holdout_requests_rejected_before_network (scripts.test_phase57_expansion_data.ExpansionBoundaryTests.test_holdout_requests_rejected_before_network) ... ok
test_matrix_complete_unique_bounded (scripts.test_phase57_expansion_data.ExpansionBoundaryTests.test_matrix_complete_unique_bounded) ... ok
test_no_minute_for_daily_development (scripts.test_phase57_expansion_data.ExpansionBoundaryTests.test_no_minute_for_daily_development) ... ok
test_pagination_checkpoint_and_terminal_resume (scripts.test_phase57_expansion_data.ExpansionBoundaryTests.test_pagination_checkpoint_and_terminal_resume) ... ok
test_raw_hash_reuse_mismatch_rejected (scripts.test_phase57_expansion_data.ExpansionBoundaryTests.test_raw_hash_reuse_mismatch_rejected) ... ok
test_report19_rejected (scripts.test_phase57_expansion_data.ExpansionBoundaryTests.test_report19_rejected) ... ok
test_safe_archive_path (scripts.test_phase57_expansion_data.ExpansionBoundaryTests.test_safe_archive_path) ... ok
test_drift_minimum_and_reproducibility (scripts.test_phase57_expansion_research.ResearchTests.test_drift_minimum_and_reproducibility) ... ok
test_exact_assessor_except_split_indices (scripts.test_phase57_expansion_research.ResearchTests.test_exact_assessor_except_split_indices) ... ok
test_future_dictionary_rejected (scripts.test_phase57_expansion_research.ResearchTests.test_future_dictionary_rejected) ... ok
test_future_history_rejected (scripts.test_phase57_expansion_research.ResearchTests.test_future_history_rejected) ... ok
test_future_poison (scripts.test_phase57_expansion_research.ResearchTests.test_future_poison) ... ok
test_missing_minute_not_filled (scripts.test_phase57_expansion_research.ResearchTests.test_missing_minute_not_filled) ... ok
test_no_identity_feature_or_production (scripts.test_phase57_expansion_research.ResearchTests.test_no_identity_feature_or_production) ... ok
test_or_unavailable_before_0930 (scripts.test_phase57_expansion_research.ResearchTests.test_or_unavailable_before_0930) ... ok
test_scale_price_invariance (scripts.test_phase57_expansion_research.ResearchTests.test_scale_price_invariance) ... ok
test_truncation (scripts.test_phase57_expansion_research.ResearchTests.test_truncation) ... ok
test_5m_no_fill (scripts.test_phase57_research_dictionary_v0.Contract.test_5m_no_fill) ... ok
test_actions (scripts.test_phase57_research_dictionary_v0.Contract.test_actions) ... ok
test_assess_all_insufficient (scripts.test_phase57_research_dictionary_v0.Contract.test_assess_all_insufficient) ... ok
test_bootstrap_bounds (scripts.test_phase57_research_dictionary_v0.Contract.test_bootstrap_bounds) ... ok
test_buckets_calendar (scripts.test_phase57_research_dictionary_v0.Contract.test_buckets_calendar) ... ok
test_daily_atoms (scripts.test_phase57_research_dictionary_v0.Contract.test_daily_atoms) ... ok
test_deterministic_gzip (scripts.test_phase57_research_dictionary_v0.Contract.test_deterministic_gzip) ... ok
test_duplicate_minute (scripts.test_phase57_research_dictionary_v0.Contract.test_duplicate_minute) ... ok
test_eligibility (scripts.test_phase57_research_dictionary_v0.Contract.test_eligibility) ... ok
test_exact_peer_proxy_not_usable (scripts.test_phase57_research_dictionary_v0.Contract.test_exact_peer_proxy_not_usable) ... {"trait": "trading_value", "paired": 120, "measured": true}
ok
test_fdr (scripts.test_phase57_research_dictionary_v0.Contract.test_fdr) ... ok
test_future_vwap_poison (scripts.test_phase57_research_dictionary_v0.Contract.test_future_vwap_poison) ... ok
test_invalid_prices (scripts.test_phase57_research_dictionary_v0.Contract.test_invalid_prices) ... ok
test_multiday_action_gap_not_bridged (scripts.test_phase57_research_dictionary_v0.Contract.test_multiday_action_gap_not_bridged) ... ok
test_neff (scripts.test_phase57_research_dictionary_v0.Contract.test_neff) ... ok
test_neff_missing (scripts.test_phase57_research_dictionary_v0.Contract.test_neff_missing) ... ok
test_no_fit_symbol_feature (scripts.test_phase57_research_dictionary_v0.Contract.test_no_fit_symbol_feature) ... ok
test_peer_no_b_fit (scripts.test_phase57_research_dictionary_v0.Contract.test_peer_no_b_fit) ... ok
test_production_rejection (scripts.test_phase57_research_dictionary_v0.Contract.test_production_rejection) ... ok
test_rate_profile (scripts.test_phase57_research_dictionary_v0.Contract.test_rate_profile) ... ok
test_registry (scripts.test_phase57_research_dictionary_v0.Contract.test_registry) ... ok
test_response_lunch (scripts.test_phase57_research_dictionary_v0.Contract.test_response_lunch) ... ok
test_response_unknown (scripts.test_phase57_research_dictionary_v0.Contract.test_response_unknown) ... ok
test_response_window (scripts.test_phase57_research_dictionary_v0.Contract.test_response_window) ... ok
test_safety (scripts.test_phase57_research_dictionary_v0.Contract.test_safety) ... ok
test_scale_causal (scripts.test_phase57_research_dictionary_v0.Contract.test_scale_causal) ... ok
test_scale_no_missing_fill (scripts.test_phase57_research_dictionary_v0.Contract.test_scale_no_missing_fill) ... ok
test_sealed (scripts.test_phase57_research_dictionary_v0.Contract.test_sealed) ... ok
test_split (scripts.test_phase57_research_dictionary_v0.Contract.test_split) ... ok
test_swing_confirmation (scripts.test_phase57_research_dictionary_v0.Contract.test_swing_confirmation) ... ok
test_swing_future_invariance (scripts.test_phase57_research_dictionary_v0.Contract.test_swing_future_invariance) ... ok
test_swing_gap_reset (scripts.test_phase57_research_dictionary_v0.Contract.test_swing_gap_reset) ... ok
test_transform (scripts.test_phase57_research_dictionary_v0.Contract.test_transform) ... ok
test_vwap (scripts.test_phase57_research_dictionary_v0.Contract.test_vwap) ... ok
test_20241105_session_extension (scripts.test_phase57_dictionary_pit_recovery.PITRecovery.test_20241105_session_extension) ... ok
test_absent_minute_not_no_trade (scripts.test_phase57_dictionary_pit_recovery.PITRecovery.test_absent_minute_not_no_trade) ... ok
test_actions_not_needed_for_within_session_range (scripts.test_phase57_dictionary_pit_recovery.PITRecovery.test_actions_not_needed_for_within_session_range) ... ok
test_classes_require_real_contract (scripts.test_phase57_dictionary_pit_recovery.PITRecovery.test_classes_require_real_contract) ... ok
test_code_reuse_requires_explicit_effective_intervals (scripts.test_phase57_dictionary_pit_recovery.PITRecovery.test_code_reuse_requires_explicit_effective_intervals) ... ok
test_empty_coverage_no_pass (scripts.test_phase57_dictionary_pit_recovery.PITRecovery.test_empty_coverage_no_pass) ... ok
test_explicit_missing_classes (scripts.test_phase57_dictionary_pit_recovery.PITRecovery.test_explicit_missing_classes) ... ok
test_exrt_does_not_admit_gap (scripts.test_phase57_dictionary_pit_recovery.PITRecovery.test_exrt_does_not_admit_gap) ... ok
test_g2_boundaries_unchanged (scripts.test_phase57_dictionary_pit_recovery.PITRecovery.test_g2_boundaries_unchanged) ... ok
test_historical_receipt_upper_can_qualify (scripts.test_phase57_dictionary_pit_recovery.PITRecovery.test_historical_receipt_upper_can_qualify) ... ok
test_identity_still_required (scripts.test_phase57_dictionary_pit_recovery.PITRecovery.test_identity_still_required) ... ok
test_incomplete_bar_breaks_pairs (scripts.test_phase57_dictionary_pit_recovery.PITRecovery.test_incomplete_bar_breaks_pairs) ... ok
test_knownat_bound_without_hash_rejected (scripts.test_phase57_dictionary_pit_recovery.PITRecovery.test_knownat_bound_without_hash_rejected) ... ok
test_lunch_cannot_make_lag_pair (scripts.test_phase57_dictionary_pit_recovery.PITRecovery.test_lunch_cannot_make_lag_pair) ... ok
test_master_effective_is_not_publication_lower (scripts.test_phase57_dictionary_pit_recovery.PITRecovery.test_master_effective_is_not_publication_lower) ... ok
test_missing_receipt_not_schedule (scripts.test_phase57_dictionary_pit_recovery.PITRecovery.test_missing_receipt_not_schedule) ... ok
test_mixed_auction_not_continuous_volume (scripts.test_phase57_dictionary_pit_recovery.PITRecovery.test_mixed_auction_not_continuous_volume) ... ok
test_name_change_and_code_gap_not_identity_recovery (scripts.test_phase57_dictionary_pit_recovery.PITRecovery.test_name_change_and_code_gap_not_identity_recovery) ... ok
test_no_eb_or_drift_measurement_before_input (scripts.test_phase57_dictionary_pit_recovery.PITRecovery.test_no_eb_or_drift_measurement_before_input) ... ok
test_no_trade_requires_both_proofs (scripts.test_phase57_dictionary_pit_recovery.PITRecovery.test_no_trade_requires_both_proofs) ... ok
test_nonfinite_prices_rejected (scripts.test_phase57_dictionary_pit_recovery.PITRecovery.test_nonfinite_prices_rejected) ... ok
test_observed_coverage_does_not_pass_gate (scripts.test_phase57_dictionary_pit_recovery.PITRecovery.test_observed_coverage_does_not_pass_gate) ... ok
test_partial_cannot_be_profile (scripts.test_phase57_dictionary_pit_recovery.PITRecovery.test_partial_cannot_be_profile) ... ok
test_preclose_and_terminal_excluded (scripts.test_phase57_dictionary_pit_recovery.PITRecovery.test_preclose_and_terminal_excluded) ... ok
test_precommit_definition_hash_unchanged (scripts.test_phase57_dictionary_pit_recovery.PITRecovery.test_precommit_definition_hash_unchanged) ... ok
test_precommit_pins_and_thresholds (scripts.test_phase57_dictionary_pit_recovery.PITRecovery.test_precommit_pins_and_thresholds) ... ok
test_real_session_audit_fixture_full_and_missing (scripts.test_phase57_dictionary_pit_recovery.PITRecovery.test_real_session_audit_fixture_full_and_missing) ... {"auditSession": "2024-09-17", "securityDays": 1, "classification": {"PIT_VERIFIED": 0, "PIT_PARTIAL": 1, "PIT_UNUSABLE": 0}}
ok
test_receipt_before_event_rejected (scripts.test_phase57_dictionary_pit_recovery.PITRecovery.test_receipt_before_event_rejected) ... ok
test_receipt_bound_not_backdated (scripts.test_phase57_dictionary_pit_recovery.PITRecovery.test_receipt_bound_not_backdated) ... ok
test_reconciliation_not_tolerant_of_missing_trade (scripts.test_phase57_dictionary_pit_recovery.PITRecovery.test_reconciliation_not_tolerant_of_missing_trade) ... ok
test_safety_and_no_strategy_import (scripts.test_phase57_dictionary_pit_recovery.PITRecovery.test_safety_and_no_strategy_import) ... ok
test_sealed_date_rejected_before_any_read (scripts.test_phase57_dictionary_pit_recovery.PITRecovery.test_sealed_date_rejected_before_any_read) ... ok
test_t6_window_counts_no_lunch_pairs_or_stable_id (scripts.test_phase57_dictionary_pit_recovery.PITRecovery.test_t6_window_counts_no_lunch_pairs_or_stable_id) ... ok
test_three_complete_bars_make_one_return_pair (scripts.test_phase57_dictionary_pit_recovery.PITRecovery.test_three_complete_bars_make_one_return_pair) ... ok
test_timezone_not_optional (scripts.test_phase57_dictionary_pit_recovery.PITRecovery.test_timezone_not_optional) ... ok
test_trial_prefix_exposure_preservation (scripts.test_phase57_dictionary_pit_recovery.PITRecovery.test_trial_prefix_exposure_preservation) ... ok
test_1500_1530_regime (scripts.test_phase57_behavior_dictionary.DictionaryContracts.test_1500_1530_regime) ... ok
test_adjustment_factor_not_sufficient (scripts.test_phase57_behavior_dictionary.DictionaryContracts.test_adjustment_factor_not_sufficient) ... ok
test_ambiguous_mapping_rejected (scripts.test_phase57_behavior_dictionary.DictionaryContracts.test_ambiguous_mapping_rejected) ... ok
test_archive_conflict_rejected (scripts.test_phase57_behavior_dictionary.DictionaryContracts.test_archive_conflict_rejected) ... ok
test_archive_selected_payload_only (scripts.test_phase57_behavior_dictionary.DictionaryContracts.test_archive_selected_payload_only) ... ok
test_archive_traversal_rejected (scripts.test_phase57_behavior_dictionary.DictionaryContracts.test_archive_traversal_rejected) ... ok
test_bar_end_availability (scripts.test_phase57_behavior_dictionary.DictionaryContracts.test_bar_end_availability) ... ok
test_corporate_action_pit (scripts.test_phase57_behavior_dictionary.DictionaryContracts.test_corporate_action_pit) ... ok
test_current_master_not_retroactive (scripts.test_phase57_behavior_dictionary.DictionaryContracts.test_current_master_not_retroactive) ... ok
test_deterministic_contract_serialization (scripts.test_phase57_behavior_dictionary.DictionaryContracts.test_deterministic_contract_serialization) ... ok
test_empty_admission_fails_closed (scripts.test_phase57_behavior_dictionary.DictionaryContracts.test_empty_admission_fails_closed) ... ok
test_exposure_never_resets_report_to_unseen (scripts.test_phase57_behavior_dictionary.DictionaryContracts.test_exposure_never_resets_report_to_unseen) ... ok
test_fitted_artifact_cutoff (scripts.test_phase57_behavior_dictionary.DictionaryContracts.test_fitted_artifact_cutoff) ... ok
test_future_fitted_knownat (scripts.test_phase57_behavior_dictionary.DictionaryContracts.test_future_fitted_knownat) ... ok
test_future_poison (scripts.test_phase57_behavior_dictionary.DictionaryContracts.test_future_poison) ... ok
test_label_maturity (scripts.test_phase57_behavior_dictionary.DictionaryContracts.test_label_maturity) ... ok
test_lunch_session_calendar (scripts.test_phase57_behavior_dictionary.DictionaryContracts.test_lunch_session_calendar) ... ok
test_missing_no_fill (scripts.test_phase57_behavior_dictionary.DictionaryContracts.test_missing_no_fill) ... ok
test_missing_reason_evidence (scripts.test_phase57_behavior_dictionary.DictionaryContracts.test_missing_reason_evidence) ... ok
test_negative_control_canary (scripts.test_phase57_behavior_dictionary.DictionaryContracts.test_negative_control_canary) ... ok
test_no_provider_or_strategy_import (scripts.test_phase57_behavior_dictionary.DictionaryContracts.test_no_provider_or_strategy_import) ... ok
test_no_raw_symbol_no_selector_outcome (scripts.test_phase57_behavior_dictionary.DictionaryContracts.test_no_raw_symbol_no_selector_outcome) ... ok
test_page_hash_rejected (scripts.test_phase57_behavior_dictionary.DictionaryContracts.test_page_hash_rejected) ... ok
test_protocol_source_pins (scripts.test_phase57_behavior_dictionary.DictionaryContracts.test_protocol_source_pins) ... ok
test_rolling_excludes_current_preserves_dates (scripts.test_phase57_behavior_dictionary.DictionaryContracts.test_rolling_excludes_current_preserves_dates) ... ok
test_safety_all_false (scripts.test_phase57_behavior_dictionary.DictionaryContracts.test_safety_all_false) ... ok
test_sealed_and_report_rejected_before_read (scripts.test_phase57_behavior_dictionary.DictionaryContracts.test_sealed_and_report_rejected_before_read) ... ok
test_security_mapping_requires_effective_window (scripts.test_phase57_behavior_dictionary.DictionaryContracts.test_security_mapping_requires_effective_window) ... ok
test_selector_agnostic_projection (scripts.test_phase57_behavior_dictionary.DictionaryContracts.test_selector_agnostic_projection) ... ok
test_shrinkage_drift_blocked_not_fabricated (scripts.test_phase57_behavior_dictionary.DictionaryContracts.test_shrinkage_drift_blocked_not_fabricated) ... ok
test_timezone_required (scripts.test_phase57_behavior_dictionary.DictionaryContracts.test_timezone_required) ... ok
test_trial_append_only_chain (scripts.test_phase57_behavior_dictionary.DictionaryContracts.test_trial_append_only_chain) ... ok
test_truncation_invariance (scripts.test_phase57_behavior_dictionary.DictionaryContracts.test_truncation_invariance) ... ok
test_unknown_knownat_not_backdated (scripts.test_phase57_behavior_dictionary.DictionaryContracts.test_unknown_knownat_not_backdated) ... ok
test_action_contract (scripts.test_phase57_dictionary_prospective.ProspectiveTests.test_action_contract) ... ok
test_code_reuse_overlap (scripts.test_phase57_dictionary_prospective.ProspectiveTests.test_code_reuse_overlap) ... ok
test_corrections_preserved (scripts.test_phase57_dictionary_prospective.ProspectiveTests.test_corrections_preserved) ... ok
test_deterministic_export (scripts.test_phase57_dictionary_prospective.ProspectiveTests.test_deterministic_export) ... ok
test_empty_summary (scripts.test_phase57_dictionary_prospective.ProspectiveTests.test_empty_summary) ... ok
test_future_publication (scripts.test_phase57_dictionary_prospective.ProspectiveTests.test_future_publication) ... ok
test_future_session (scripts.test_phase57_dictionary_prospective.ProspectiveTests.test_future_session) ... ok
test_gate_missing_blocks (scripts.test_phase57_dictionary_prospective.ProspectiveTests.test_gate_missing_blocks) ... ok
test_historical_rejected (scripts.test_phase57_dictionary_prospective.ProspectiveTests.test_historical_rejected) ... ok
test_immutability (scripts.test_phase57_dictionary_prospective.ProspectiveTests.test_immutability) ... ok
test_invalid_and_duplicate_bars (scripts.test_phase57_dictionary_prospective.ProspectiveTests.test_invalid_and_duplicate_bars) ... ok
test_lineage (scripts.test_phase57_dictionary_prospective.ProspectiveTests.test_lineage) ... ok
test_maturity_no_automatic_freeze (scripts.test_phase57_dictionary_prospective.ProspectiveTests.test_maturity_no_automatic_freeze) ... ok
test_maturity_unique_sessions (scripts.test_phase57_dictionary_prospective.ProspectiveTests.test_maturity_unique_sessions) ... ok
test_missing_identity_evidence (scripts.test_phase57_dictionary_prospective.ProspectiveTests.test_missing_identity_evidence) ... ok
test_no_trade_needs_evidence (scripts.test_phase57_dictionary_prospective.ProspectiveTests.test_no_trade_needs_evidence) ... ok
test_normalization_no_fill (scripts.test_phase57_dictionary_prospective.ProspectiveTests.test_normalization_no_fill) ... ok
test_outcomes_forbidden_recursive (scripts.test_phase57_dictionary_prospective.ProspectiveTests.test_outcomes_forbidden_recursive) ... ok
test_receipt_no_retroactive_known_at (scripts.test_phase57_dictionary_prospective.ProspectiveTests.test_receipt_no_retroactive_known_at) ... ok
test_safety (scripts.test_phase57_dictionary_prospective.ProspectiveTests.test_safety) ... ok
test_sealed_budget (scripts.test_phase57_dictionary_prospective.ProspectiveTests.test_sealed_budget) ... ok
test_timezone_required (scripts.test_phase57_dictionary_prospective.ProspectiveTests.test_timezone_required) ... ok
test_truncation_future_poison (scripts.test_phase57_dictionary_prospective.ProspectiveTests.test_truncation_future_poison) ... ok
test_unknown_reason_preserved (scripts.test_phase57_dictionary_prospective.ProspectiveTests.test_unknown_reason_preserved) ... ok
test_unknown_source_version (scripts.test_phase57_dictionary_prospective.ProspectiveTests.test_unknown_source_version) ... ok

----------------------------------------------------------------------
Ran 257 tests in 2.567s

OK
